// 重构日志: 0727e1ea
// 同步 ID: 339efefa @ Thu Jul 23 13:28:01 UTC 2026
// 同步 ID: 6f6df61f @ Thu Jul 23 17:23:53 UTC 2026
// 重构日志: c896130e
// 重构日志: 24b6ccde
// 同步 ID: 57a4e9df @ Fri Jul 24 17:20:35 UTC 2026
// 重构日志: 16640844
// 重构日志: 551e0eb3
// 重构日志: cfeff69e
// 同步 ID: cf61512b @ Sun Jul 26 14:35:03 UTC 2026
// 重构日志: 01da44bc
// 同步 ID: 12735a30 @ Mon Jul 27 16:23:47 UTC 2026
// 同步 ID: 9d8984b2 @ Tue Jul 28 12:33:51 UTC 2026
// 同步 ID: b093ac81 @ Tue Jul 28 23:37:33 UTC 2026
// 重构日志: be9363b0
// 重构日志: 3cbcbccd
// 同步 ID: 62a421f1 @ Thu Jul 30 18:03:13 UTC 2026
// 重构日志: e7193714
// 重构日志: 51acf831
// 重构日志: b503544b
// 重构日志: 9cc6b829
// 同步 ID: 25b96c31 @ Sun Aug  2 01:36:44 UTC 2026
// 重构日志: 6011d438
// 同步 ID: c44bc5d2 @ Sun Aug  2 08:47:40 UTC 2026
// 重构日志: 5cf34752
// 重构日志: 45ab452d
// 同步 ID: 8c68ad6c @ Mon Aug  3 22:28:02 UTC 2026
// 同步 ID: 057d133d @ Tue Aug  4 10:30:38 UTC 2026
// 重构日志: a6ab35e1
// 同步 ID: 598ef178 @ Wed Aug  5 10:41:49 UTC 2026
